// Jest Snapshot v1, https://goo.gl/fbAQLP

exports[`components/Grid renders correctly 1`] = `
<div
  className="grid"
>
  Content
</div>
`;
