// Jest Snapshot v1, https://goo.gl/fbAQLP

exports[`components/Card renders correctly 1`] = `
<div
  className="card"
>
  Content
</div>
`;
