// Jest Snapshot v1, https://goo.gl/fbAQLP

exports[`components/Result renders correctly 1`] = `
<DocumentFragment>
  <div
    class="result"
  >
    <h3>
      Berlin, DE
    </h3>
    12.61
    <button
      type="button"
    >
      translation:add
    </button>
  </div>
</DocumentFragment>
`;
