// Vitest Snapshot v1, https://vitest.dev/guide/snapshot.html

exports[`components/Results > renders correctly 1`] = `
<DocumentFragment>
  <ul
    class="results"
  >
    <li>
      <div
        class="result"
      >
        <h3>
          Berlin, DE
        </h3>
        19Â°C
        <button
          type="button"
        >
          <span
            style="display: none;"
          >
            Add
          </span>
          <svg
            fill="none"
            height="24"
            stroke="currentColor"
            stroke-linecap="round"
            stroke-linejoin="round"
            stroke-width="2"
            viewBox="0 0 24 24"
            width="24"
            xmlns="http://www.w3.org/2000/svg"
          >
            <circle
              cx="12"
              cy="12"
              r="10"
            />
            <line
              x1="12"
              x2="12"
              y1="8"
              y2="16"
            />
            <line
              x1="8"
              x2="16"
              y1="12"
              y2="12"
            />
          </svg>
        </button>
      </div>
    </li>
  </ul>
</DocumentFragment>
`;
