// Vitest Snapshot v1, https://vitest.dev/guide/snapshot.html

exports[`components/Error > renders correctly 1`] = `
<DocumentFragment>
  <div>
    Error: Error message
  </div>
</DocumentFragment>
`;
