// Jest Snapshot v1, https://goo.gl/fbAQLP

exports[`components/Settings renders correctly 1`] = `
<DocumentFragment>
  <form
    action="#"
  >
    <div
      class="form__field"
    >
      <label
        for="language"
      >
        Language
      </label>
      <select
        class="form__input"
        name="language"
      >
        <option
          value="ar"
        >
          Arabic
        </option>
        <option
          value="bg"
        >
          Bulgarian
        </option>
        <option
          value="ca"
        >
          Catalan
        </option>
        <option
          value="zh"
        >
          Chinese Simplified
        </option>
        <option
          value="hr"
        >
          Croatian
        </option>
        <option
          value="cz"
        >
          Czech
        </option>
        <option
          value="nl"
        >
          Dutch
        </option>
        <option
          value="en"
        >
          English
        </option>
        <option
          value="fi"
        >
          Finnish
        </option>
        <option
          value="fr"
        >
          French
        </option>
        <option
          value="de"
        >
          German
        </option>
        <option
          value="el"
        >
          Greek
        </option>
        <option
          value="gl"
        >
          Galician
        </option>
        <option
          value="hu"
        >
          Hungarian
        </option>
        <option
          value="it"
        >
          Italian
        </option>
        <option
          value="ja"
        >
          Japanese
        </option>
        <option
          value="kr"
        >
          Korean
        </option>
        <option
          value="la"
        >
          Latvian
        </option>
        <option
          value="lt"
        >
          Lithuanian
        </option>
        <option
          value="mk"
        >
          Macedonian
        </option>
        <option
          value="fa"
        >
          Persian (Farsi)
        </option>
        <option
          value="pl"
        >
          Polish
        </option>
        <option
          value="pt"
        >
          Portuguese
        </option>
        <option
          value="ro"
        >
          Romanian
        </option>
        <option
          value="ru"
        >
          Russian
        </option>
        <option
          value="sk"
        >
          Slovak
        </option>
        <option
          value="sl"
        >
          Slovenian
        </option>
        <option
          value="es"
        >
          Spanish
        </option>
        <option
          value="se"
        >
          Swedish
        </option>
        <option
          value="tr"
        >
          Turkish
        </option>
        <option
          value="ua"
        >
          Ukrainian
        </option>
        <option
          value="vi"
        >
          Vietnamese
        </option>
      </select>
    </div>
    <div
      class="form__field"
    >
      <label
        for="unit"
      >
        Unit
      </label>
      <select
        class="form__input"
        name="unit"
      >
        <option
          value="imperial"
        >
          imperial
        </option>
        <option
          value="metric"
        >
          metric
        </option>
      </select>
    </div>
    <div
      class="form__field"
    >
      <button
        class="form__input form__input--submit"
        type="submit"
      >
        Save
      </button>
    </div>
  </form>
</DocumentFragment>
`;
