// Jest Snapshot v1, https://goo.gl/fbAQLP

exports[`components/CityPreview renders correctly 1`] = `
<DocumentFragment>
  <div
    class="city"
    clouds="[object Object]"
    coord="[object Object]"
    dt="1605434959"
    visibility="10000"
    weather="[object Object]"
    wind="[object Object]"
  >
    <a
      class="city__link"
      href="/cities/2950159"
    >
      <div
        class="city__temp"
      >
        12.61 Â°
      </div>
      <h2
        class="city__name"
      >
        Berlin
      </h2>
      <h3
        class="city__country"
      >
        DE
      </h3>
    </a>
  </div>
</DocumentFragment>
`;
