// Jest Snapshot v1, https://goo.gl/fbAQLP

exports[`components/Footer renders correctly 1`] = `
<DocumentFragment>
  <div>
    Content
  </div>
</DocumentFragment>
`;
