// Vitest Snapshot v1, https://vitest.dev/guide/snapshot.html

exports[`components/Header > renders correctly 1`] = `
<DocumentFragment>
  <header
    class="header"
  >
    Header
  </header>
</DocumentFragment>
`;
