// Vitest Snapshot v1, https://vitest.dev/guide/snapshot.html

exports[`components/Cities > should render correctly 1`] = `
<DocumentFragment>
  <ul
    class="cities"
  >
    <li>
      <a
        class="city"
        href="/cities/2950159"
      >
        <div>
          <h3
            class="city__country"
          >
            DE
          </h3>
          <h2
            class="city__name"
          >
            Berlin
          </h2>
        </div>
        <div
          class="city__temp"
        >
          12.61 Â°C
        </div>
      </a>
    </li>
  </ul>
</DocumentFragment>
`;

exports[`components/Cities > should render empty cities correctly 1`] = `<DocumentFragment />`;
