// Jest Snapshot v1, https://goo.gl/fbAQLP

exports[`components/Navigation renders correctly 1`] = `
<nav
  className="navigation"
>
  <ul
    className="navigation__list"
  />
</nav>
`;
