// Jest Snapshot v1, https://goo.gl/fbAQLP

exports[`components/City renders correctly 1`] = `
<div
  id={1}
>
  <h1>
    
  </h1>
  1970-01-01 01:00
  <div>
    Temp: 
    0
  </div>
  <ul>
    <li>
      
      <img
        alt=""
        src="https://openweathermap.org/img/w/.png"
      />
    </li>
  </ul>
</div>
`;
