// Vitest Snapshot v1, https://vitest.dev/guide/snapshot.html

exports[`components/Label > renders correctly 1`] = `
<DocumentFragment>
  <label
    for="username"
  >
    Label
  </label>
</DocumentFragment>
`;
