// Vitest Snapshot v1, https://vitest.dev/guide/snapshot.html

exports[`components/Loader > renders correctly 1`] = `
<DocumentFragment>
  <div>
    loading â€¦
  </div>
</DocumentFragment>
`;
