// Jest Snapshot v1, https://goo.gl/fbAQLP

exports[`components/Grid renders correctly 1`] = `
<DocumentFragment>
  <div
    class="grid"
  >
    Content
  </div>
</DocumentFragment>
`;
