// Vitest Snapshot v1, https://vitest.dev/guide/snapshot.html

exports[`components/Main > renders correctly 1`] = `
<DocumentFragment>
  <main
    class="main"
  >
    Content
  </main>
</DocumentFragment>
`;
