// Jest Snapshot v1, https://goo.gl/fbAQLP

exports[`components/Forecast renders correctly 1`] = `
<DocumentFragment>
  <table>
    <tbody />
  </table>
</DocumentFragment>
`;
