// Jest Snapshot v1, https://goo.gl/fbAQLP

exports[`components/Result renders correctly 1`] = `
<div>
  <h3>
    
    , 
    
  </h3>
  0
  <button
    onClick={[Function]}
    type="button"
  >
    translation:add
  </button>
</div>
`;
