// Jest Snapshot v1, https://goo.gl/fbAQLP

exports[`components/Loader renders correctly 1`] = `
<div>
  loading â€¦
</div>
`;
