// Jest Snapshot v1, https://goo.gl/fbAQLP

exports[`components/Main renders correctly 1`] = `
<DocumentFragment>
  <main
    class="main"
  >
    Content
  </main>
</DocumentFragment>
`;
