// Vitest Snapshot v1, https://vitest.dev/guide/snapshot.html

exports[`components/CityPreview > renders correctly 1`] = `
<DocumentFragment>
  <a
    class="city"
    href="/cities/2950159"
  >
    <div>
      <h3
        class="city__country"
      >
        DE
      </h3>
      <h2
        class="city__name"
      >
        Berlin
      </h2>
    </div>
    <div
      class="city__temp"
    >
      19Â°C
    </div>
  </a>
</DocumentFragment>
`;
