// Vitest Snapshot v1, https://vitest.dev/guide/snapshot.html

exports[`components/Link > renders correctly 1`] = `
<DocumentFragment>
  <a
    href="/"
  >
    Link
  </a>
</DocumentFragment>
`;
