// Jest Snapshot v1, https://goo.gl/fbAQLP

exports[`components/Results renders correctly 1`] = `
<DocumentFragment>
  <ul
    class="results"
  >
    <li>
      <div
        class="result"
      >
        <h3>
          Berlin, DE
        </h3>
        12.61
        <button
          type="button"
        >
          translation:add
        </button>
      </div>
    </li>
  </ul>
</DocumentFragment>
`;
