// Vitest Snapshot v1, https://vitest.dev/guide/snapshot.html

exports[`components/Card > renders correctly 1`] = `
<DocumentFragment>
  <div
    class="card"
  >
    Content
  </div>
</DocumentFragment>
`;
