// Jest Snapshot v1, https://goo.gl/fbAQLP

exports[`components/Label renders correctly 1`] = `
<DocumentFragment>
  <label
    for="foo"
  >
    Content
  </label>
</DocumentFragment>
`;
