// Vitest Snapshot v1, https://vitest.dev/guide/snapshot.html

exports[`components/Footer > renders correctly 1`] = `
<DocumentFragment>
  <footer
    class="footer"
  >
    Footer
  </footer>
</DocumentFragment>
`;
